MO alu1b NULL alu1b.vf vlg51/alu1b.bin 1582514042
MO lcd_driver NULL lcd_driver.vf vlg46/lcd__driver.bin 1582514042
MO timing_MUSER_lcd_driver NULL lcd_driver.vf vlg74/timing___m_u_s_e_r__lcd__driver.bin 1582514042
MO M2_1E_MXILINX_mux8b4 NULL mux8b4.vf vlg67/_m2__1_e___m_x_i_l_i_n_x__mux8b4.bin 1582514041
MO add1b_MUSER_alu1b NULL alu1b.vf vlg23/add1b___m_u_s_e_r__alu1b.bin 1582514042
MO mux4b2 NULL mux4b2.vf vlg7E/mux4b2.bin 1582514041
MO mux4b4 NULL mux4b4.vf vlg00/mux4b4.bin 1582514041
MO FD16RE_MXILINX_Datapath NULL Datapath.vf vlg2E/_f_d16_r_e___m_x_i_l_i_n_x___datapath.bin 1582514042
MO mux16b8 NULL mux16b8.vf vlg5B/mux16b8.bin 1582514041
MO FD16RE_MXILINX_regFile NULL regFile.vf vlg0D/_f_d16_r_e___m_x_i_l_i_n_x__reg_file.bin 1582514042
MO M2_1_MXILINX_alu16b NULL alu16b.vf vlg31/_m2__1___m_x_i_l_i_n_x__alu16b.bin 1582514042
MO InstructionRegister_MUSER_Datapath NULL Datapath.vf vlg48/_instruction_register___m_u_s_e_r___datapath.bin 1582514042
MO ZE_MUSER_Datapath NULL Datapath.vf vlg2C/_z_e___m_u_s_e_r___datapath.bin 1582514042
MO M2_1_MXILINX_Memory NULL Memory.vf vlg5F/_m2__1___m_x_i_l_i_n_x___memory.bin 1582514042
MO AluControl NULL ../AluControl.v vlg63/_alu_control.bin 1582514042
MO mux2x16_MUSER_regFile NULL regFile.vf vlg1F/mux2x16___m_u_s_e_r__reg_file.bin 1582514042
MO M8_1E_MXILINX_regFile NULL regFile.vf vlg4F/_m8__1_e___m_x_i_l_i_n_x__reg_file.bin 1582514042
MO COMP16_MXILINX_Datapath NULL Datapath.vf vlg64/_c_o_m_p16___m_x_i_l_i_n_x___datapath.bin 1582514042
MO lcd_driver_MUSER_Datapath NULL Datapath.vf vlg5F/lcd__driver___m_u_s_e_r___datapath.bin 1582514042
MO alu1b_MUSER_Datapath NULL Datapath.vf vlg6E/alu1b___m_u_s_e_r___datapath.bin 1582514042
MO alu16b_MUSER_Datapath NULL Datapath.vf vlg30/alu16b___m_u_s_e_r___datapath.bin 1582514042
MO M2_1E_MXILINX_Datapath NULL Datapath.vf vlg52/_m2__1_e___m_x_i_l_i_n_x___datapath.bin 1582514042
MO Mux16x16_MUSER_Datapath NULL Datapath.vf vlg31/_mux16x16___m_u_s_e_r___datapath.bin 1582514042
MO M4_1E_MXILINX_mux4b4 NULL mux4b4.vf vlg35/_m4__1_e___m_x_i_l_i_n_x__mux4b4.bin 1582514041
MO mux4b4_MUSER_Datapath NULL Datapath.vf vlg51/mux4b4___m_u_s_e_r___datapath.bin 1582514042
MO M2_1E_MXILINX_Mux16x16 NULL Mux16x16.vf vlg2B/_m2__1_e___m_x_i_l_i_n_x___mux16x16.bin 1582514041
MO alu1b_MUSER_alu16b NULL alu16b.vf vlg1A/alu1b___m_u_s_e_r__alu16b.bin 1582514042
MO mux2x16_MUSER_Datapath NULL Datapath.vf vlg08/mux2x16___m_u_s_e_r___datapath.bin 1582514042
MO M8_1E_MXILINX_Datapath NULL Datapath.vf vlg78/_m8__1_e___m_x_i_l_i_n_x___datapath.bin 1582514042
MO reg16_MUSER_InstructionRegister NULL InstructionRegister.vf vlg2A/reg16___m_u_s_e_r___instruction_register.bin 1582514042
MO decode4b16 NULL decode4b16.vf vlg71/decode4b16.bin 1582514042
MO mux8b4_MUSER_Datapath NULL Datapath.vf vlg65/mux8b4___m_u_s_e_r___datapath.bin 1582514042
MO mux2x16_MUSER_Mux16x16 NULL Mux16x16.vf vlg61/mux2x16___m_u_s_e_r___mux16x16.bin 1582514041
MO M8_1E_MXILINX_Mux16x16 NULL Mux16x16.vf vlg51/_m8__1_e___m_x_i_l_i_n_x___mux16x16.bin 1582514041
MO mux4x16 NULL mux4x16.vf vlg4D/mux4x16.bin 1582514042
MO M2_1E_MXILINX_alu1b NULL alu1b.vf vlg38/_m2__1_e___m_x_i_l_i_n_x__alu1b.bin 1582514042
MO mux4b2_MUSER_Datapath NULL Datapath.vf vlg37/mux4b2___m_u_s_e_r___datapath.bin 1582514042
MO SE_MUSER_Datapath NULL Datapath.vf vlg65/_s_e___m_u_s_e_r___datapath.bin 1582514042
MO lcd_cfg_display NULL ../lcd_cfg_display.v vlg73/lcd__cfg__display.bin 1582514042
MO M2_1E_MXILINX_mux16b8 NULL mux16b8.vf vlg6A/_m2__1_e___m_x_i_l_i_n_x__mux16b8.bin 1582514041
MO M2_1_MXILINX_alu1b NULL alu1b.vf vlg6F/_m2__1___m_x_i_l_i_n_x__alu1b.bin 1582514042
MO NOR16_MXILINX_alu16b NULL alu16b.vf vlg2C/_n_o_r16___m_x_i_l_i_n_x__alu16b.bin 1582514042
MO debouncer_MUSER_Datapath NULL Datapath.vf vlg78/debouncer___m_u_s_e_r___datapath.bin 1582514042
MO alu16b NULL alu16b.vf vlg1B/alu16b.bin 1582514042
MO Memory NULL Memory.vf vlg49/_memory.bin 1582514042
MO InstructionRegister NULL InstructionRegister.vf vlg13/_instruction_register.bin 1582514042
MO regFile NULL regFile.vf vlg52/reg_file.bin 1582514042
MO dist_mem NULL ../ipcore_dir/dist_mem.v vlg36/dist__mem.bin 1582514042
MO mux16b8_MUSER_Datapath NULL Datapath.vf vlg70/mux16b8___m_u_s_e_r___datapath.bin 1582514042
MO mux8b4_MUSER_lcd_driver NULL lcd_driver.vf vlg74/mux8b4___m_u_s_e_r__lcd__driver.bin 1582514042
MO reg16 NULL reg16.vf vlg5D/reg16.bin 1582514041
MO M2_1E_MXILINX_mux4b4 NULL mux4b4.vf vlg03/_m2__1_e___m_x_i_l_i_n_x__mux4b4.bin 1582514041
MO mux16b8_MUSER_Mux16x16 NULL Mux16x16.vf vlg49/mux16b8___m_u_s_e_r___mux16x16.bin 1582514041
MO Mux16x16_MUSER_regFile NULL regFile.vf vlg74/_mux16x16___m_u_s_e_r__reg_file.bin 1582514042
MO SE NULL SE.vf vlg64/_s_e.bin 1582514042
MO mux4b4_MUSER_lcd_driver NULL lcd_driver.vf vlg00/mux4b4___m_u_s_e_r__lcd__driver.bin 1582514042
MO M4_1E_MXILINX_Datapath NULL Datapath.vf vlg34/_m4__1_e___m_x_i_l_i_n_x___datapath.bin 1582514042
MO add1b_MUSER_alu16b NULL alu16b.vf vlg35/add1b___m_u_s_e_r__alu16b.bin 1582514042
MO M2_1_MXILINX_mux2x16 NULL mux2x16.vf vlg41/_m2__1___m_x_i_l_i_n_x__mux2x16.bin 1582514041
MO FD16CE_MXILINX_InstructionRegister NULL InstructionRegister.vf vlg43/_f_d16_c_e___m_x_i_l_i_n_x___instruction_register.bin 1582514042
MO mux8b4 NULL mux8b4.vf vlg64/mux8b4.bin 1582514041
MO FD16CE_MXILINX_reg16 NULL reg16.vf vlg0D/_f_d16_c_e___m_x_i_l_i_n_x__reg16.bin 1582514041
MO reg16_MUSER_Datapath NULL Datapath.vf vlg0A/reg16___m_u_s_e_r___datapath.bin 1582514042
MO timing_MUSER_Datapath NULL Datapath.vf vlg65/timing___m_u_s_e_r___datapath.bin 1582514042
MO add1b NULL add1b.vf vlg40/add1b.bin 1582514041
MO decode4b16_MUSER_regFile NULL regFile.vf vlg6D/decode4b16___m_u_s_e_r__reg_file.bin 1582514042
MO NOR16_MXILINX_Datapath NULL Datapath.vf vlg30/_n_o_r16___m_x_i_l_i_n_x___datapath.bin 1582514042
MO M2_1_MXILINX_Datapath NULL Datapath.vf vlg2D/_m2__1___m_x_i_l_i_n_x___datapath.bin 1582514042
MO lcd_control_master NULL ../lcd_control_master.v vlg76/lcd__control__master.bin 1582514042
MO M2_1_MXILINX_lcd_driver NULL lcd_driver.vf vlg7C/_m2__1___m_x_i_l_i_n_x__lcd__driver.bin 1582514042
MO M4_1E_MXILINX_lcd_driver NULL lcd_driver.vf vlg2B/_m4__1_e___m_x_i_l_i_n_x__lcd__driver.bin 1582514042
MO M2_1_MXILINX_Mux16x16 NULL Mux16x16.vf vlg06/_m2__1___m_x_i_l_i_n_x___mux16x16.bin 1582514041
MO lcd_pwr_on_init NULL ../lcd_pwr_on_init.v vlg7A/lcd__pwr__on__init.bin 1582514041
MO ZE NULL ZE.vf vlg07/_z_e.bin 1582514042
MO M2_1E_MXILINX_regFile NULL regFile.vf vlg61/_m2__1_e___m_x_i_l_i_n_x__reg_file.bin 1582514042
MO M4_1E_MXILINX_mux8b4 NULL mux8b4.vf vlg19/_m4__1_e___m_x_i_l_i_n_x__mux8b4.bin 1582514041
MO debounce_counter NULL ../debounce_counter.v vlg40/debounce__counter.bin 1582514042
MO sll16b8i NULL ../sll16b8i.v vlg71/sll16b8i.bin 1582514041
MO M2_1E_MXILINX_lcd_driver NULL lcd_driver.vf vlg19/_m2__1_e___m_x_i_l_i_n_x__lcd__driver.bin 1582514042
MO M8_1E_MXILINX_mux16b8 NULL mux16b8.vf vlg58/_m8__1_e___m_x_i_l_i_n_x__mux16b8.bin 1582514041
MO M2_1_MXILINX_mux4b2 NULL mux4b2.vf vlg14/_m2__1___m_x_i_l_i_n_x__mux4b2.bin 1582514041
MO mux16b8_MUSER_regFile NULL regFile.vf vlg67/mux16b8___m_u_s_e_r__reg_file.bin 1582514042
MO intReg16 NULL intReg16.vf vlg14/int_reg16.bin 1582514042
MO decode4b16_MUSER_Datapath NULL Datapath.vf vlg0E/decode4b16___m_u_s_e_r___datapath.bin 1582514042
MO add1b_MUSER_Datapath NULL Datapath.vf vlg11/add1b___m_u_s_e_r___datapath.bin 1582514042
MO lcd_write_byte NULL ../lcd_write_byte.v vlg44/lcd__write__byte.bin 1582514041
MO debouncer NULL debouncer.vf vlg03/debouncer.bin 1582514042
MO M2_1E_MXILINX_alu16b NULL alu16b.vf vlg1E/_m2__1_e___m_x_i_l_i_n_x__alu16b.bin 1582514042
MO displayRom NULL ../displayRom.v vlg40/display_rom.bin 1582514042
MO M2_1_MXILINX_mux4x16 NULL mux4x16.vf vlg3B/_m2__1___m_x_i_l_i_n_x__mux4x16.bin 1582514042
MO MemControl NULL ../MemControl.v vlg10/_mem_control.bin 1582514042
MO FD16CE_MXILINX_lcd_driver NULL lcd_driver.vf vlg36/_f_d16_c_e___m_x_i_l_i_n_x__lcd__driver.bin 1582514042
MO timing NULL timing.vf vlg64/timing.bin 1582514041
MO FD16CE_MXILINX_Datapath NULL Datapath.vf vlg77/_f_d16_c_e___m_x_i_l_i_n_x___datapath.bin 1582514042
MO intReg16_MUSER_Datapath NULL Datapath.vf vlg55/int_reg16___m_u_s_e_r___datapath.bin 1582514042
MO CHINPO_control_unit NULL ../control.v vlg70/_c_h_i_n_p_o__control__unit.bin 1582514042
MO SL1_MUSER_Datapath NULL Datapath.vf vlg79/_s_l1___m_u_s_e_r___datapath.bin 1582514042
MO Datapath NULL Datapath.vf vlg07/_datapath.bin 1582514042
MO mux2x16_MUSER_alu16b NULL alu16b.vf vlg44/mux2x16___m_u_s_e_r__alu16b.bin 1582514042
MO M8_1E_MXILINX_alu16b NULL alu16b.vf vlg34/_m8__1_e___m_x_i_l_i_n_x__alu16b.bin 1582514042
MO regFile_MUSER_Datapath NULL Datapath.vf vlg7B/reg_file___m_u_s_e_r___datapath.bin 1582514042
MO M8_1E_MXILINX_alu1b NULL alu1b.vf vlg56/_m8__1_e___m_x_i_l_i_n_x__alu1b.bin 1582514042
MO mux2x16_MUSER_Memory NULL Memory.vf vlg72/mux2x16___m_u_s_e_r___memory.bin 1582514042
MO mux4x16_MUSER_Datapath NULL Datapath.vf vlg3A/mux4x16___m_u_s_e_r___datapath.bin 1582514042
MO Mux16x16 NULL Mux16x16.vf vlg60/_mux16x16.bin 1582514041
MO Memory_MUSER_Datapath NULL Datapath.vf vlg06/_memory___m_u_s_e_r___datapath.bin 1582514042
MO mux2x16_MUSER_mux4x16 NULL mux4x16.vf vlg1A/mux2x16___m_u_s_e_r__mux4x16.bin 1582514042
MO lcdCounter NULL ../lcdCounter.v vlg23/lcd_counter.bin 1582514041
MO SL1 NULL SL1.vf vlg48/_s_l1.bin 1582514042
MO mux4b2_MUSER_lcd_driver NULL lcd_driver.vf vlg76/mux4b2___m_u_s_e_r__lcd__driver.bin 1582514042
MO mux2x16 NULL mux2x16.vf vlg53/mux2x16.bin 1582514041
MO M2_1_MXILINX_regFile NULL regFile.vf vlg40/_m2__1___m_x_i_l_i_n_x__reg_file.bin 1582514042
